// Jest Snapshot v1, https://goo.gl/fbAQLP

exports[`Test MessageList component should render match snapshot 1`] = `
<section
  className="container"
>
  <span />
</section>
`;
